#-----------------------------------------------------------
# Vivado v2019.1 (64-bit)
# SW Build 2552052 on Fri May 24 14:49:42 MDT 2019
# IP Build 2548770 on Fri May 24 18:01:18 MDT 2019
# Start of session at: Mon May 11 19:24:47 2020
# Process ID: 3092
# Current directory: C:/Users/YaKerTaker/Google Drive/8vo/Arquitectura-Computadoras/Practica10/Pila
# Command line: vivado.exe -gui_launcher_event rodinguilauncherevent11720 C:\Users\YaKerTaker\Google Drive\8vo\Arquitectura-Computadoras\Practica10\Pila\Pila.xpr
# Log file: C:/Users/YaKerTaker/Google Drive/8vo/Arquitectura-Computadoras/Practica10/Pila/vivado.log
# Journal file: C:/Users/YaKerTaker/Google Drive/8vo/Arquitectura-Computadoras/Practica10/Pila\vivado.jou
#-----------------------------------------------------------
start_gui
open_project {C:/Users/YaKerTaker/Google Drive/8vo/Arquitectura-Computadoras/Practica10/Pila/Pila.xpr}
update_compile_order -fileset sources_1
reset_run synth_1
launch_runs synth_1 -jobs 2
wait_on_run synth_1
