#-----------------------------------------------------------
# Vivado v2019.1 (64-bit)
# SW Build 2552052 on Fri May 24 14:49:42 MDT 2019
# IP Build 2548770 on Fri May 24 18:01:18 MDT 2019
# Start of session at: Thu Jul  2 21:21:13 2020
# Process ID: 13944
# Current directory: C:/Users/YaKerTaker/Google Drive/8vo/Arquitectura-Computadoras/Proyecto/ESCOMips
# Command line: vivado.exe -gui_launcher_event rodinguilauncherevent13104 C:\Users\YaKerTaker\Google Drive\8vo\Arquitectura-Computadoras\Proyecto\ESCOMips\ESCOMips.xpr
# Log file: C:/Users/YaKerTaker/Google Drive/8vo/Arquitectura-Computadoras/Proyecto/ESCOMips/vivado.log
# Journal file: C:/Users/YaKerTaker/Google Drive/8vo/Arquitectura-Computadoras/Proyecto/ESCOMips\vivado.jou
#-----------------------------------------------------------
start_gui
open_project {C:/Users/YaKerTaker/Google Drive/8vo/Arquitectura-Computadoras/Proyecto/ESCOMips/ESCOMips.xpr}
update_compile_order -fileset sources_1
launch_simulation
source test_bench.tcl
close_sim
